The employee must be at least 18 y.o!
The employee must be at least 18 y.o!
The employee must be at least 18 y.o!
The employee must be at least 18 y.o!
The employee must be at least 18 y.o!
The employee must be at least 18 y.o!
The employee must be at least 18 y.o!
The employee must be at least 18 y.o!
The employee must be at least 18 y.o!
The employee must be at least 18 y.o!
The employee must be at least 18 y.o!
The employee must be at least 18 y.o!
The employee must be at least 18 y.o!
The employee must be at least 18 y.o!
The employee must be at least 18 y.o!
The employee must be at least 18 y.o!
The employee must be at least 18 y.o!
The employee must be at least 18 y.o!
The employee must be at least 18 y.o!
The employee must be at least 18 y.o!
The employee must be at least 18 y.o!
The employee must be at least 18 y.o!
The employee must be at least 18 y.o!
The employee must be at least 18 y.o!
The employee must be at least 18 y.o!
The employee must be at least 18 y.o!
The employee must be at least 18 y.o!
The employee must be at least 18 y.o!
The employee must be at least 18 y.o!
The employee must be at least 18 y.o!
The employee must be at least 18 y.o!
The employee must be at least 18 y.o!
The employee must be at least 18 y.o!
The employee must be at least 18 y.o!
The employee must be at least 18 y.o!
The employee must be at least 18 y.o!
The employee must be at least 18 y.o!
The employee must be at least 18 y.o!
The employee must be at least 18 y.o!
The employee must be at least 18 y.o!
The employee must be at least 18 y.o!
The employee must be at least 18 y.o!
The employee must be at least 18 y.o!
The employee must be at least 18 y.o!
The employee must be at least 18 y.o!
The employee must be at least 18 y.o!
The employee must be at least 18 y.o!
The employee must be at least 18 y.o!
The employee must be at least 18 y.o!
